*** EVALUATION ***
PROGRAM "F:\单片机学习\smartcar\100ms控速 转角5ms - 清华打脚 - 变时序 - 5ms\bin\Project.abs"

*********************************************************************************************
TARGET SECTION
---------------------------------------------------------------------------------------------
Processor   : Freescale HC12
Memory Model: BANKED
File Format : ELF\DWARF 2.0
Linker      : SmartLinker V-5.0.40 Build 10203, Jul 23 2010

*********************************************************************************************
FILE SECTION
---------------------------------------------------------------------------------------------
MC9S12XS128.c.o                         Model: BANKED,        Lang: ANSI-C
main.c.o                                Model: BANKED,        Lang: ANSI-C
Start12.c.o                             Model: BANKED,        Lang: ANSI-C
FADD.C.o (ansixb.lib)                   Model: BANKED,        Lang: ANSI-C
FCMP.C.o (ansixb.lib)                   Model: BANKED,        Lang: ANSI-C
FCONV.C.o (ansixb.lib)                  Model: BANKED,        Lang: ANSI-C
FMUL.C.o (ansixb.lib)                   Model: BANKED,        Lang: ANSI-C
FREGS.C.o (ansixb.lib)                  Model: BANKED,        Lang: ANSI-C
rtshc12.c.o (ansixb.lib)                Model: BANKED,        Lang: ANSI-C
VREGS.C.o (ansixb.lib)                  Model: BANKED,        Lang: ANSI-C
LCD5110.c.o                             Model: BANKED,        Lang: ANSI-C
ATD.c.o                                 Model: BANKED,        Lang: ANSI-C
PLL.c.o                                 Model: BANKED,        Lang: ANSI-C
PIT.C.o                                 Model: BANKED,        Lang: ANSI-C
ECT.c.o                                 Model: BANKED,        Lang: ANSI-C
KEY.c.o                                 Model: BANKED,        Lang: ANSI-C
PWM.c.o                                 Model: BANKED,        Lang: ANSI-C

*********************************************************************************************
STARTUP SECTION
---------------------------------------------------------------------------------------------
Entry point: 0xC000 (_Startup)
_startupData is allocated at 0xC00F and uses 6 Bytes
extern struct _tagStartup {
  unsigned nofZeroOut     1
  _Range   pZeroOut       0x2100     706
  _Copy    *toCopyDownBeg 0xC616
} _startupData;

*********************************************************************************************
SECTION-ALLOCATION SECTION
Section Name                    Size  Type     From       To       Segment
---------------------------------------------------------------------------------------------
.init                             15     R     0xC000     0xC00E   ROM_C000
.startData                        10     R     0xC00F     0xC018   ROM_C000
NON_BANKED                      1533     R     0xC019     0xC615   ROM_C000
.copy                            497     R     0xC616     0xC806   ROM_C000
.text                           4911     R   0xFE8000   0xFE932E   PAGE_FE
.stack                           256   R/W     0x2000     0x20FF   RAM
.data                            498   R/W     0x2100     0x22F1   RAM
.abs_section_8                     1   N/I        0x8        0x8   .absSeg0
.abs_section_9                     1   N/I        0x9        0x9   .absSeg1
.abs_section_b                     1   N/I        0xB        0xB   .absSeg2
.abs_section_c                     1   N/I        0xC        0xC   .absSeg3
.abs_section_d                     1   N/I        0xD        0xD   .absSeg4
.abs_section_10                    1   N/I       0x10       0x10   .absSeg5
.abs_section_11                    1   N/I       0x11       0x11   .absSeg6
.abs_section_13                    1   N/I       0x13       0x13   .absSeg7
.abs_section_15                    1   N/I       0x15       0x15   .absSeg8
.abs_section_16                    1   N/I       0x16       0x16   .absSeg9
.abs_section_17                    1   N/I       0x17       0x17   .absSeg10
.abs_section_1c                    1   N/I       0x1C       0x1C   .absSeg11
.abs_section_1e                    1   N/I       0x1E       0x1E   .absSeg12
.abs_section_20                    1   N/I       0x20       0x20   .absSeg13
.abs_section_21                    1   N/I       0x21       0x21   .absSeg14
.abs_section_22                    1   N/I       0x22       0x22   .absSeg15
.abs_section_23                    1   N/I       0x23       0x23   .absSeg16
.abs_section_26                    1   N/I       0x26       0x26   .absSeg17
.abs_section_27                    1   N/I       0x27       0x27   .absSeg18
.abs_section_28                    1   N/I       0x28       0x28   .absSeg19
.abs_section_29                    1   N/I       0x29       0x29   .absSeg20
.abs_section_2a                    1   N/I       0x2A       0x2A   .absSeg21
.abs_section_2b                    1   N/I       0x2B       0x2B   .absSeg22
.abs_section_2c                    1   N/I       0x2C       0x2C   .absSeg23
.abs_section_2d                    1   N/I       0x2D       0x2D   .absSeg24
.abs_section_2e                    1   N/I       0x2E       0x2E   .absSeg25
.abs_section_2f                    1   N/I       0x2F       0x2F   .absSeg26
.abs_section_32                    1   N/I       0x32       0x32   .absSeg27
.abs_section_33                    1   N/I       0x33       0x33   .absSeg28
.abs_section_34                    1   N/I       0x34       0x34   .absSeg29
.abs_section_35                    1   N/I       0x35       0x35   .absSeg30
.abs_section_36                    1   N/I       0x36       0x36   .absSeg31
.abs_section_37                    1   N/I       0x37       0x37   .absSeg32
.abs_section_38                    1   N/I       0x38       0x38   .absSeg33
.abs_section_39                    1   N/I       0x39       0x39   .absSeg34
.abs_section_3a                    1   N/I       0x3A       0x3A   .absSeg35
.abs_section_3b                    1   N/I       0x3B       0x3B   .absSeg36
.abs_section_3c                    1   N/I       0x3C       0x3C   .absSeg37
.abs_section_3f                    1   N/I       0x3F       0x3F   .absSeg38
.abs_section_40                    1   N/I       0x40       0x40   .absSeg39
.abs_section_41                    1   N/I       0x41       0x41   .absSeg40
.abs_section_42                    1   N/I       0x42       0x42   .absSeg41
.abs_section_43                    1   N/I       0x43       0x43   .absSeg42
.abs_section_46                    1   N/I       0x46       0x46   .absSeg43
.abs_section_47                    1   N/I       0x47       0x47   .absSeg44
.abs_section_48                    1   N/I       0x48       0x48   .absSeg45
.abs_section_49                    1   N/I       0x49       0x49   .absSeg46
.abs_section_4a                    1   N/I       0x4A       0x4A   .absSeg47
.abs_section_4b                    1   N/I       0x4B       0x4B   .absSeg48
.abs_section_4c                    1   N/I       0x4C       0x4C   .absSeg49
.abs_section_4d                    1   N/I       0x4D       0x4D   .absSeg50
.abs_section_4e                    1   N/I       0x4E       0x4E   .absSeg51
.abs_section_4f                    1   N/I       0x4F       0x4F   .absSeg52
.abs_section_60                    1   N/I       0x60       0x60   .absSeg53
.abs_section_61                    1   N/I       0x61       0x61   .absSeg54
.abs_section_6c                    1   N/I       0x6C       0x6C   .absSeg55
.abs_section_6e                    1   N/I       0x6E       0x6E   .absSeg56
.abs_section_ca                    1   N/I       0xCA       0xCA   .absSeg57
.abs_section_cb                    1   N/I       0xCB       0xCB   .absSeg58
.abs_section_cc                    1   N/I       0xCC       0xCC   .absSeg59
.abs_section_cd                    1   N/I       0xCD       0xCD   .absSeg60
.abs_section_ce                    1   N/I       0xCE       0xCE   .absSeg61
.abs_section_cf                    1   N/I       0xCF       0xCF   .absSeg62
.abs_section_d2                    1   N/I       0xD2       0xD2   .absSeg63
.abs_section_d3                    1   N/I       0xD3       0xD3   .absSeg64
.abs_section_d4                    1   N/I       0xD4       0xD4   .absSeg65
.abs_section_d5                    1   N/I       0xD5       0xD5   .absSeg66
.abs_section_d6                    1   N/I       0xD6       0xD6   .absSeg67
.abs_section_d7                    1   N/I       0xD7       0xD7   .absSeg68
.abs_section_d8                    1   N/I       0xD8       0xD8   .absSeg69
.abs_section_d9                    1   N/I       0xD9       0xD9   .absSeg70
.abs_section_da                    1   N/I       0xDA       0xDA   .absSeg71
.abs_section_db                    1   N/I       0xDB       0xDB   .absSeg72
.abs_section_100                   1   N/I      0x100      0x100   .absSeg73
.abs_section_101                   1   N/I      0x101      0x101   .absSeg74
.abs_section_102                   1   N/I      0x102      0x102   .absSeg75
.abs_section_103                   1   N/I      0x103      0x103   .absSeg76
.abs_section_104                   1   N/I      0x104      0x104   .absSeg77
.abs_section_105                   1   N/I      0x105      0x105   .absSeg78
.abs_section_106                   1   N/I      0x106      0x106   .absSeg79
.abs_section_107                   1   N/I      0x107      0x107   .absSeg80
.abs_section_108                   1   N/I      0x108      0x108   .absSeg81
.abs_section_109                   1   N/I      0x109      0x109   .absSeg82
.abs_section_110                   1   N/I      0x110      0x110   .absSeg83
.abs_section_121                   1   N/I      0x121      0x121   .absSeg84
.abs_section_126                   1   N/I      0x126      0x126   .absSeg85
.abs_section_127                   1   N/I      0x127      0x127   .absSeg86
.abs_section_128                   1   N/I      0x128      0x128   .absSeg87
.abs_section_129                   1   N/I      0x129      0x129   .absSeg88
.abs_section_12a                   1   N/I      0x12A      0x12A   .absSeg89
.abs_section_12b                   1   N/I      0x12B      0x12B   .absSeg90
.abs_section_12c                   1   N/I      0x12C      0x12C   .absSeg91
.abs_section_12d                   1   N/I      0x12D      0x12D   .absSeg92
.abs_section_12e                   1   N/I      0x12E      0x12E   .absSeg93
.abs_section_12f                   1   N/I      0x12F      0x12F   .absSeg94
.abs_section_140                   1   N/I      0x140      0x140   .absSeg95
.abs_section_141                   1   N/I      0x141      0x141   .absSeg96
.abs_section_142                   1   N/I      0x142      0x142   .absSeg97
.abs_section_143                   1   N/I      0x143      0x143   .absSeg98
.abs_section_144                   1   N/I      0x144      0x144   .absSeg99
.abs_section_145                   1   N/I      0x145      0x145   .absSeg100
.abs_section_146                   1   N/I      0x146      0x146   .absSeg101
.abs_section_147                   1   N/I      0x147      0x147   .absSeg102
.abs_section_148                   1   N/I      0x148      0x148   .absSeg103
.abs_section_149                   1   N/I      0x149      0x149   .absSeg104
.abs_section_14a                   1   N/I      0x14A      0x14A   .absSeg105
.abs_section_14b                   1   N/I      0x14B      0x14B   .absSeg106
.abs_section_14d                   1   N/I      0x14D      0x14D   .absSeg107
.abs_section_14e                   1   N/I      0x14E      0x14E   .absSeg108
.abs_section_14f                   1   N/I      0x14F      0x14F   .absSeg109
.abs_section_150                   1   N/I      0x150      0x150   .absSeg110
.abs_section_151                   1   N/I      0x151      0x151   .absSeg111
.abs_section_152                   1   N/I      0x152      0x152   .absSeg112
.abs_section_153                   1   N/I      0x153      0x153   .absSeg113
.abs_section_154                   1   N/I      0x154      0x154   .absSeg114
.abs_section_155                   1   N/I      0x155      0x155   .absSeg115
.abs_section_156                   1   N/I      0x156      0x156   .absSeg116
.abs_section_157                   1   N/I      0x157      0x157   .absSeg117
.abs_section_158                   1   N/I      0x158      0x158   .absSeg118
.abs_section_159                   1   N/I      0x159      0x159   .absSeg119
.abs_section_15a                   1   N/I      0x15A      0x15A   .absSeg120
.abs_section_15b                   1   N/I      0x15B      0x15B   .absSeg121
.abs_section_15c                   1   N/I      0x15C      0x15C   .absSeg122
.abs_section_15d                   1   N/I      0x15D      0x15D   .absSeg123
.abs_section_15e                   1   N/I      0x15E      0x15E   .absSeg124
.abs_section_15f                   1   N/I      0x15F      0x15F   .absSeg125
.abs_section_160                   1   N/I      0x160      0x160   .absSeg126
.abs_section_161                   1   N/I      0x161      0x161   .absSeg127
.abs_section_162                   1   N/I      0x162      0x162   .absSeg128
.abs_section_163                   1   N/I      0x163      0x163   .absSeg129
.abs_section_164                   1   N/I      0x164      0x164   .absSeg130
.abs_section_165                   1   N/I      0x165      0x165   .absSeg131
.abs_section_166                   1   N/I      0x166      0x166   .absSeg132
.abs_section_167                   1   N/I      0x167      0x167   .absSeg133
.abs_section_168                   1   N/I      0x168      0x168   .absSeg134
.abs_section_169                   1   N/I      0x169      0x169   .absSeg135
.abs_section_16a                   1   N/I      0x16A      0x16A   .absSeg136
.abs_section_16b                   1   N/I      0x16B      0x16B   .absSeg137
.abs_section_16c                   1   N/I      0x16C      0x16C   .absSeg138
.abs_section_170                   1   N/I      0x170      0x170   .absSeg139
.abs_section_171                   1   N/I      0x171      0x171   .absSeg140
.abs_section_172                   1   N/I      0x172      0x172   .absSeg141
.abs_section_173                   1   N/I      0x173      0x173   .absSeg142
.abs_section_174                   1   N/I      0x174      0x174   .absSeg143
.abs_section_175                   1   N/I      0x175      0x175   .absSeg144
.abs_section_176                   1   N/I      0x176      0x176   .absSeg145
.abs_section_177                   1   N/I      0x177      0x177   .absSeg146
.abs_section_178                   1   N/I      0x178      0x178   .absSeg147
.abs_section_179                   1   N/I      0x179      0x179   .absSeg148
.abs_section_17a                   1   N/I      0x17A      0x17A   .absSeg149
.abs_section_17b                   1   N/I      0x17B      0x17B   .absSeg150
.abs_section_17c                   1   N/I      0x17C      0x17C   .absSeg151
.abs_section_17d                   1   N/I      0x17D      0x17D   .absSeg152
.abs_section_240                   1   N/I      0x240      0x240   .absSeg153
.abs_section_241                   1   N/I      0x241      0x241   .absSeg154
.abs_section_242                   1   N/I      0x242      0x242   .absSeg155
.abs_section_243                   1   N/I      0x243      0x243   .absSeg156
.abs_section_244                   1   N/I      0x244      0x244   .absSeg157
.abs_section_245                   1   N/I      0x245      0x245   .absSeg158
.abs_section_247                   1   N/I      0x247      0x247   .absSeg159
.abs_section_248                   1   N/I      0x248      0x248   .absSeg160
.abs_section_249                   1   N/I      0x249      0x249   .absSeg161
.abs_section_24a                   1   N/I      0x24A      0x24A   .absSeg162
.abs_section_24b                   1   N/I      0x24B      0x24B   .absSeg163
.abs_section_24c                   1   N/I      0x24C      0x24C   .absSeg164
.abs_section_24d                   1   N/I      0x24D      0x24D   .absSeg165
.abs_section_24e                   1   N/I      0x24E      0x24E   .absSeg166
.abs_section_250                   1   N/I      0x250      0x250   .absSeg167
.abs_section_251                   1   N/I      0x251      0x251   .absSeg168
.abs_section_252                   1   N/I      0x252      0x252   .absSeg169
.abs_section_253                   1   N/I      0x253      0x253   .absSeg170
.abs_section_254                   1   N/I      0x254      0x254   .absSeg171
.abs_section_255                   1   N/I      0x255      0x255   .absSeg172
.abs_section_256                   1   N/I      0x256      0x256   .absSeg173
.abs_section_257                   1   N/I      0x257      0x257   .absSeg174
.abs_section_258                   1   N/I      0x258      0x258   .absSeg175
.abs_section_259                   1   N/I      0x259      0x259   .absSeg176
.abs_section_25a                   1   N/I      0x25A      0x25A   .absSeg177
.abs_section_25b                   1   N/I      0x25B      0x25B   .absSeg178
.abs_section_25c                   1   N/I      0x25C      0x25C   .absSeg179
.abs_section_25d                   1   N/I      0x25D      0x25D   .absSeg180
.abs_section_25e                   1   N/I      0x25E      0x25E   .absSeg181
.abs_section_25f                   1   N/I      0x25F      0x25F   .absSeg182
.abs_section_260                   1   N/I      0x260      0x260   .absSeg183
.abs_section_261                   1   N/I      0x261      0x261   .absSeg184
.abs_section_262                   1   N/I      0x262      0x262   .absSeg185
.abs_section_263                   1   N/I      0x263      0x263   .absSeg186
.abs_section_264                   1   N/I      0x264      0x264   .absSeg187
.abs_section_265                   1   N/I      0x265      0x265   .absSeg188
.abs_section_266                   1   N/I      0x266      0x266   .absSeg189
.abs_section_267                   1   N/I      0x267      0x267   .absSeg190
.abs_section_268                   1   N/I      0x268      0x268   .absSeg191
.abs_section_269                   1   N/I      0x269      0x269   .absSeg192
.abs_section_26a                   1   N/I      0x26A      0x26A   .absSeg193
.abs_section_26b                   1   N/I      0x26B      0x26B   .absSeg194
.abs_section_26c                   1   N/I      0x26C      0x26C   .absSeg195
.abs_section_26d                   1   N/I      0x26D      0x26D   .absSeg196
.abs_section_26e                   1   N/I      0x26E      0x26E   .absSeg197
.abs_section_26f                   1   N/I      0x26F      0x26F   .absSeg198
.abs_section_2c6                   1   N/I      0x2C6      0x2C6   .absSeg199
.abs_section_2f0                   1   N/I      0x2F0      0x2F0   .absSeg200
.abs_section_2f1                   1   N/I      0x2F1      0x2F1   .absSeg201
.abs_section_2f2                   1   N/I      0x2F2      0x2F2   .absSeg202
.abs_section_2f3                   1   N/I      0x2F3      0x2F3   .absSeg203
.abs_section_2f7                   1   N/I      0x2F7      0x2F7   .absSeg204
.abs_section_300                   1   N/I      0x300      0x300   .absSeg205
.abs_section_301                   1   N/I      0x301      0x301   .absSeg206
.abs_section_302                   1   N/I      0x302      0x302   .absSeg207
.abs_section_303                   1   N/I      0x303      0x303   .absSeg208
.abs_section_304                   1   N/I      0x304      0x304   .absSeg209
.abs_section_305                   1   N/I      0x305      0x305   .absSeg210
.abs_section_308                   1   N/I      0x308      0x308   .absSeg211
.abs_section_309                   1   N/I      0x309      0x309   .absSeg212
.abs_section_324                   1   N/I      0x324      0x324   .absSeg213
.abs_section_340                   1   N/I      0x340      0x340   .absSeg214
.abs_section_341                   1   N/I      0x341      0x341   .absSeg215
.abs_section_342                   1   N/I      0x342      0x342   .absSeg216
.abs_section_343                   1   N/I      0x343      0x343   .absSeg217
.abs_section_344                   1   N/I      0x344      0x344   .absSeg218
.abs_section_345                   1   N/I      0x345      0x345   .absSeg219
.abs_section_346                   1   N/I      0x346      0x346   .absSeg220
.abs_section_347                   1   N/I      0x347      0x347   .absSeg221
.abs_section_0                     2   N/I        0x0        0x1   .absSeg222
.abs_section_2                     2   N/I        0x2        0x3   .absSeg223
.abs_section_1a                    2   N/I       0x1A       0x1B   .absSeg224
.abs_section_24                    2   N/I       0x24       0x25   .absSeg225
.abs_section_44                    2   N/I       0x44       0x45   .absSeg226
.abs_section_50                    2   N/I       0x50       0x51   .absSeg227
.abs_section_52                    2   N/I       0x52       0x53   .absSeg228
.abs_section_54                    2   N/I       0x54       0x55   .absSeg229
.abs_section_56                    2   N/I       0x56       0x57   .absSeg230
.abs_section_58                    2   N/I       0x58       0x59   .absSeg231
.abs_section_5a                    2   N/I       0x5A       0x5B   .absSeg232
.abs_section_5c                    2   N/I       0x5C       0x5D   .absSeg233
.abs_section_5e                    2   N/I       0x5E       0x5F   .absSeg234
.abs_section_62                    2   N/I       0x62       0x63   .absSeg235
.abs_section_c8                    2   N/I       0xC8       0xC9   .absSeg236
.abs_section_d0                    2   N/I       0xD0       0xD1   .absSeg237
.abs_section_dc                    2   N/I       0xDC       0xDD   .absSeg238
.abs_section_10a                   2   N/I      0x10A      0x10B   .absSeg239
.abs_section_10e                   2   N/I      0x10E      0x10F   .absSeg240
.abs_section_16e                   2   N/I      0x16E      0x16F   .absSeg241
.abs_section_17e                   2   N/I      0x17E      0x17F   .absSeg242
.abs_section_270                   2   N/I      0x270      0x271   .absSeg243
.abs_section_272                   2   N/I      0x272      0x273   .absSeg244
.abs_section_274                   2   N/I      0x274      0x275   .absSeg245
.abs_section_276                   2   N/I      0x276      0x277   .absSeg246
.abs_section_2c0                   2   N/I      0x2C0      0x2C1   .absSeg247
.abs_section_2c2                   2   N/I      0x2C2      0x2C3   .absSeg248
.abs_section_2c4                   2   N/I      0x2C4      0x2C5   .absSeg249
.abs_section_2c8                   2   N/I      0x2C8      0x2C9   .absSeg250
.abs_section_2ca                   2   N/I      0x2CA      0x2CB   .absSeg251
.abs_section_2cc                   2   N/I      0x2CC      0x2CD   .absSeg252
.abs_section_2ce                   2   N/I      0x2CE      0x2CF   .absSeg253
.abs_section_2d0                   2   N/I      0x2D0      0x2D1   .absSeg254
.abs_section_2d2                   2   N/I      0x2D2      0x2D3   .absSeg255
.abs_section_2d4                   2   N/I      0x2D4      0x2D5   .absSeg256
.abs_section_2d6                   2   N/I      0x2D6      0x2D7   .absSeg257
.abs_section_2d8                   2   N/I      0x2D8      0x2D9   .absSeg258
.abs_section_2da                   2   N/I      0x2DA      0x2DB   .absSeg259
.abs_section_2dc                   2   N/I      0x2DC      0x2DD   .absSeg260
.abs_section_2de                   2   N/I      0x2DE      0x2DF   .absSeg261
.abs_section_2e0                   2   N/I      0x2E0      0x2E1   .absSeg262
.abs_section_2e2                   2   N/I      0x2E2      0x2E3   .absSeg263
.abs_section_2e4                   2   N/I      0x2E4      0x2E5   .absSeg264
.abs_section_2e6                   2   N/I      0x2E6      0x2E7   .absSeg265
.abs_section_2e8                   2   N/I      0x2E8      0x2E9   .absSeg266
.abs_section_2ea                   2   N/I      0x2EA      0x2EB   .absSeg267
.abs_section_2ec                   2   N/I      0x2EC      0x2ED   .absSeg268
.abs_section_2ee                   2   N/I      0x2EE      0x2EF   .absSeg269
.abs_section_2f4                   2   N/I      0x2F4      0x2F5   .absSeg270
.abs_section_30c                   2   N/I      0x30C      0x30D   .absSeg271
.abs_section_30e                   2   N/I      0x30E      0x30F   .absSeg272
.abs_section_310                   2   N/I      0x310      0x311   .absSeg273
.abs_section_312                   2   N/I      0x312      0x313   .absSeg274
.abs_section_314                   2   N/I      0x314      0x315   .absSeg275
.abs_section_316                   2   N/I      0x316      0x317   .absSeg276
.abs_section_318                   2   N/I      0x318      0x319   .absSeg277
.abs_section_31a                   2   N/I      0x31A      0x31B   .absSeg278
.abs_section_31c                   2   N/I      0x31C      0x31D   .absSeg279
.abs_section_31e                   2   N/I      0x31E      0x31F   .absSeg280
.abs_section_320                   2   N/I      0x320      0x321   .absSeg281
.abs_section_322                   2   N/I      0x322      0x323   .absSeg282
.abs_section_348                   2   N/I      0x348      0x349   .absSeg283
.abs_section_34a                   2   N/I      0x34A      0x34B   .absSeg284
.abs_section_34c                   2   N/I      0x34C      0x34D   .absSeg285
.abs_section_34e                   2   N/I      0x34E      0x34F   .absSeg286
.abs_section_350                   2   N/I      0x350      0x351   .absSeg287
.abs_section_352                   2   N/I      0x352      0x353   .absSeg288
.abs_section_354                   2   N/I      0x354      0x355   .absSeg289
.abs_section_356                   2   N/I      0x356      0x357   .absSeg290
.abs_section_ff7a                  2     R     0xFF7A     0xFF7B   .absSeg291
.abs_section_ff78                  2     R     0xFF78     0xFF79   .absSeg292
.bss                             167   R/W     0x22F2     0x2398   RAM
.common                           41   R/W     0x2399     0x23C1   RAM
.vectSeg293_vect                   2     R     0xFFFE     0xFFFF   .vectSeg293

Summary of section sizes per section type:
READ_ONLY (R):        1B3C (dec:     6972)
READ_WRITE (R/W):      3C2 (dec:      962)
NO_INIT (N/I):         168 (dec:      360)

*********************************************************************************************
VECTOR-ALLOCATION SECTION
    Address     InitValue   InitFunction
---------------------------------------------------------------------------------------------
     0xFFFE        0xC000   _Startup

*********************************************************************************************
OBJECT-ALLOCATION SECTION
     Name               Module                 Addr   hSize   dSize     Ref    Section   RLIB
---------------------------------------------------------------------------------------------
MODULE:                 -- MC9S12XS128.c.o --
- PROCEDURES:
- VARIABLES:
     _PORTE                                       8       1       1       0   .abs_section_8
     _DDRE                                        9       1       1       0   .abs_section_9
     _MODE                                        B       1       1       0   .abs_section_b
     _PUCR                                        C       1       1       1   .abs_section_c
     _RDRIV                                       D       1       1       0   .abs_section_d
     _GPAGE                                      10       1       1       0   .abs_section_10
     _DIRECT                                     11       1       1       0   .abs_section_11
     _MMCCTL1                                    13       1       1       0   .abs_section_13
     _PPAGE                                      15       1       1       0   .abs_section_15
     _RPAGE                                      16       1       1       0   .abs_section_16
     _EPAGE                                      17       1       1       0   .abs_section_17
     _ECLKCTL                                    1C       1       1       0   .abs_section_1c
     _IRQCR                                      1E       1       1       0   .abs_section_1e
     _DBGC1                                      20       1       1       0   .abs_section_20
     _DBGSR                                      21       1       1       0   .abs_section_21
     _DBGTCR                                     22       1       1       0   .abs_section_22
     _DBGC2                                      23       1       1       0   .abs_section_23
     _DBGCNT                                     26       1       1       0   .abs_section_26
     _DBGSCRX                                    27       1       1       0   .abs_section_27
     _DBGXCTL                                    28       1       1       0   .abs_section_28
     _DBGXAH                                     29       1       1       0   .abs_section_29
     _DBGXAM                                     2A       1       1       0   .abs_section_2a
     _DBGXAL                                     2B       1       1       0   .abs_section_2b
     _DBGXDH                                     2C       1       1       0   .abs_section_2c
     _DBGXDL                                     2D       1       1       0   .abs_section_2d
     _DBGXDHM                                    2E       1       1       0   .abs_section_2e
     _DBGXDLM                                    2F       1       1       0   .abs_section_2f
     _PORTK                                      32       1       1       0   .abs_section_32
     _DDRK                                       33       1       1       0   .abs_section_33
     _SYNR                                       34       1       1       1   .abs_section_34
     _REFDV                                      35       1       1       1   .abs_section_35
     _POSTDIV                                    36       1       1       0   .abs_section_36
     _CRGFLG                                     37       1       1       1   .abs_section_37
     _CRGINT                                     38       1       1       0   .abs_section_38
     _CLKSEL                                     39       1       1       1   .abs_section_39
     _PLLCTL                                     3A       1       1       0   .abs_section_3a
     _RTICTL                                     3B       1       1       0   .abs_section_3b
     _COPCTL                                     3C       1       1       0   .abs_section_3c
     _ARMCOP                                     3F       1       1       0   .abs_section_3f
     _TIOS                                       40       1       1       1   .abs_section_40
     _CFORC                                      41       1       1       0   .abs_section_41
     _OC7M                                       42       1       1       0   .abs_section_42
     _OC7D                                       43       1       1       0   .abs_section_43
     _TSCR1                                      46       1       1       1   .abs_section_46
     _TTOV                                       47       1       1       0   .abs_section_47
     _TCTL1                                      48       1       1       0   .abs_section_48
     _TCTL2                                      49       1       1       0   .abs_section_49
     _TCTL3                                      4A       1       1       2   .abs_section_4a
     _TCTL4                                      4B       1       1       0   .abs_section_4b
     _TIE                                        4C       1       1       1   .abs_section_4c
     _TSCR2                                      4D       1       1       1   .abs_section_4d
     _TFLG1                                      4E       1       1       0   .abs_section_4e
     _TFLG2                                      4F       1       1       0   .abs_section_4f
     _PACTL                                      60       1       1       6   .abs_section_60
     _PAFLG                                      61       1       1       0   .abs_section_61
     _OCPD                                       6C       1       1       0   .abs_section_6c
     _PTPSR                                      6E       1       1       0   .abs_section_6e
     _SCI0ACR2                                   CA       1       1       0   .abs_section_ca
     _SCI0CR2                                    CB       1       1       0   .abs_section_cb
     _SCI0SR1                                    CC       1       1       0   .abs_section_cc
     _SCI0SR2                                    CD       1       1       0   .abs_section_cd
     _SCI0DRH                                    CE       1       1       0   .abs_section_ce
     _SCI0DRL                                    CF       1       1       0   .abs_section_cf
     _SCI1ACR2                                   D2       1       1       0   .abs_section_d2
     _SCI1CR2                                    D3       1       1       0   .abs_section_d3
     _SCI1SR1                                    D4       1       1       0   .abs_section_d4
     _SCI1SR2                                    D5       1       1       0   .abs_section_d5
     _SCI1DRH                                    D6       1       1       0   .abs_section_d6
     _SCI1DRL                                    D7       1       1       0   .abs_section_d7
     _SPI0CR1                                    D8       1       1       0   .abs_section_d8
     _SPI0CR2                                    D9       1       1       0   .abs_section_d9
     _SPI0BR                                     DA       1       1       0   .abs_section_da
     _SPI0SR                                     DB       1       1       0   .abs_section_db
     _FCLKDIV                                   100       1       1       0   .abs_section_100
     _FSEC                                      101       1       1       0   .abs_section_101
     _FCCOBIX                                   102       1       1       0   .abs_section_102
     _FECCRIX                                   103       1       1       0   .abs_section_103
     _FCNFG                                     104       1       1       0   .abs_section_104
     _FERCNFG                                   105       1       1       0   .abs_section_105
     _FSTAT                                     106       1       1       0   .abs_section_106
     _FERSTAT                                   107       1       1       0   .abs_section_107
     _FPROT                                     108       1       1       0   .abs_section_108
     _DFPROT                                    109       1       1       0   .abs_section_109
     _FOPT                                      110       1       1       0   .abs_section_110
     _IVBR                                      121       1       1       0   .abs_section_121
     _INT_XGPRIO                                126       1       1       0   .abs_section_126
     _INT_CFADDR                                127       1       1       0   .abs_section_127
     _INT_CFDATA0                               128       1       1       0   .abs_section_128
     _INT_CFDATA1                               129       1       1       0   .abs_section_129
     _INT_CFDATA2                               12A       1       1       0   .abs_section_12a
     _INT_CFDATA3                               12B       1       1       0   .abs_section_12b
     _INT_CFDATA4                               12C       1       1       0   .abs_section_12c
     _INT_CFDATA5                               12D       1       1       0   .abs_section_12d
     _INT_CFDATA6                               12E       1       1       0   .abs_section_12e
     _INT_CFDATA7                               12F       1       1       0   .abs_section_12f
     _CAN0CTL0                                  140       1       1       0   .abs_section_140
     _CAN0CTL1                                  141       1       1       0   .abs_section_141
     _CAN0BTR0                                  142       1       1       0   .abs_section_142
     _CAN0BTR1                                  143       1       1       0   .abs_section_143
     _CAN0RFLG                                  144       1       1       0   .abs_section_144
     _CAN0RIER                                  145       1       1       0   .abs_section_145
     _CAN0TFLG                                  146       1       1       0   .abs_section_146
     _CAN0TIER                                  147       1       1       0   .abs_section_147
     _CAN0TARQ                                  148       1       1       0   .abs_section_148
     _CAN0TAAK                                  149       1       1       0   .abs_section_149
     _CAN0TBSEL                                 14A       1       1       0   .abs_section_14a
     _CAN0IDAC                                  14B       1       1       0   .abs_section_14b
     _CAN0MISC                                  14D       1       1       0   .abs_section_14d
     _CAN0RXERR                                 14E       1       1       0   .abs_section_14e
     _CAN0TXERR                                 14F       1       1       0   .abs_section_14f
     _CAN0IDAR0                                 150       1       1       0   .abs_section_150
     _CAN0IDAR1                                 151       1       1       0   .abs_section_151
     _CAN0IDAR2                                 152       1       1       0   .abs_section_152
     _CAN0IDAR3                                 153       1       1       0   .abs_section_153
     _CAN0IDMR0                                 154       1       1       0   .abs_section_154
     _CAN0IDMR1                                 155       1       1       0   .abs_section_155
     _CAN0IDMR2                                 156       1       1       0   .abs_section_156
     _CAN0IDMR3                                 157       1       1       0   .abs_section_157
     _CAN0IDAR4                                 158       1       1       0   .abs_section_158
     _CAN0IDAR5                                 159       1       1       0   .abs_section_159
     _CAN0IDAR6                                 15A       1       1       0   .abs_section_15a
     _CAN0IDAR7                                 15B       1       1       0   .abs_section_15b
     _CAN0IDMR4                                 15C       1       1       0   .abs_section_15c
     _CAN0IDMR5                                 15D       1       1       0   .abs_section_15d
     _CAN0IDMR6                                 15E       1       1       0   .abs_section_15e
     _CAN0IDMR7                                 15F       1       1       0   .abs_section_15f
     _CAN0RXIDR0                                160       1       1       0   .abs_section_160
     _CAN0RXIDR1                                161       1       1       0   .abs_section_161
     _CAN0RXIDR2                                162       1       1       0   .abs_section_162
     _CAN0RXIDR3                                163       1       1       0   .abs_section_163
     _CAN0RXDSR0                                164       1       1       0   .abs_section_164
     _CAN0RXDSR1                                165       1       1       0   .abs_section_165
     _CAN0RXDSR2                                166       1       1       0   .abs_section_166
     _CAN0RXDSR3                                167       1       1       0   .abs_section_167
     _CAN0RXDSR4                                168       1       1       0   .abs_section_168
     _CAN0RXDSR5                                169       1       1       0   .abs_section_169
     _CAN0RXDSR6                                16A       1       1       0   .abs_section_16a
     _CAN0RXDSR7                                16B       1       1       0   .abs_section_16b
     _CAN0RXDLR                                 16C       1       1       0   .abs_section_16c
     _CAN0TXIDR0                                170       1       1       0   .abs_section_170
     _CAN0TXIDR1                                171       1       1       0   .abs_section_171
     _CAN0TXIDR2                                172       1       1       0   .abs_section_172
     _CAN0TXIDR3                                173       1       1       0   .abs_section_173
     _CAN0TXDSR0                                174       1       1       0   .abs_section_174
     _CAN0TXDSR1                                175       1       1       0   .abs_section_175
     _CAN0TXDSR2                                176       1       1       0   .abs_section_176
     _CAN0TXDSR3                                177       1       1       0   .abs_section_177
     _CAN0TXDSR4                                178       1       1       0   .abs_section_178
     _CAN0TXDSR5                                179       1       1       0   .abs_section_179
     _CAN0TXDSR6                                17A       1       1       0   .abs_section_17a
     _CAN0TXDSR7                                17B       1       1       0   .abs_section_17b
     _CAN0TXDLR                                 17C       1       1       0   .abs_section_17c
     _CAN0TXTBPR                                17D       1       1       0   .abs_section_17d
     _PTT                                       240       1       1      14   .abs_section_240
     _PTIT                                      241       1       1       0   .abs_section_241
     _DDRT                                      242       1       1       2   .abs_section_242
     _RDRT                                      243       1       1       1   .abs_section_243
     _PERT                                      244       1       1       1   .abs_section_244
     _PPST                                      245       1       1       1   .abs_section_245
     _PTTRR                                     247       1       1       0   .abs_section_247
     _PTS                                       248       1       1       0   .abs_section_248
     _PTIS                                      249       1       1       0   .abs_section_249
     _DDRS                                      24A       1       1       0   .abs_section_24a
     _RDRS                                      24B       1       1       0   .abs_section_24b
     _PERS                                      24C       1       1       0   .abs_section_24c
     _PPSS                                      24D       1       1       0   .abs_section_24d
     _WOMS                                      24E       1       1       0   .abs_section_24e
     _PTM                                       250       1       1       0   .abs_section_250
     _PTIM                                      251       1       1       0   .abs_section_251
     _DDRM                                      252       1       1       0   .abs_section_252
     _RDRM                                      253       1       1       0   .abs_section_253
     _PERM                                      254       1       1       0   .abs_section_254
     _PPSM                                      255       1       1       0   .abs_section_255
     _WOMM                                      256       1       1       0   .abs_section_256
     _MODRR                                     257       1       1       0   .abs_section_257
     _PTP                                       258       1       1       0   .abs_section_258
     _PTIP                                      259       1       1       0   .abs_section_259
     _DDRP                                      25A       1       1       0   .abs_section_25a
     _RDRP                                      25B       1       1       0   .abs_section_25b
     _PERP                                      25C       1       1       0   .abs_section_25c
     _PPSP                                      25D       1       1       0   .abs_section_25d
     _PIEP                                      25E       1       1       0   .abs_section_25e
     _PIFP                                      25F       1       1       0   .abs_section_25f
     _PTH                                       260       1       1       0   .abs_section_260
     _PTIH                                      261       1       1       0   .abs_section_261
     _DDRH                                      262       1       1       0   .abs_section_262
     _RDRH                                      263       1       1       0   .abs_section_263
     _PERH                                      264       1       1       0   .abs_section_264
     _PPSH                                      265       1       1       0   .abs_section_265
     _PIEH                                      266       1       1       0   .abs_section_266
     _PIFH                                      267       1       1       0   .abs_section_267
     _PTJ                                       268       1       1       0   .abs_section_268
     _PTIJ                                      269       1       1       0   .abs_section_269
     _DDRJ                                      26A       1       1       0   .abs_section_26a
     _RDRJ                                      26B       1       1       0   .abs_section_26b
     _PERJ                                      26C       1       1       0   .abs_section_26c
     _PPSJ                                      26D       1       1       0   .abs_section_26d
     _PIEJ                                      26E       1       1       0   .abs_section_26e
     _PIFJ                                      26F       1       1       0   .abs_section_26f
     _ATD0STAT0                                 2C6       1       1       1   .abs_section_2c6
     _VREGHTCL                                  2F0       1       1       0   .abs_section_2f0
     _VREGCTRL                                  2F1       1       1       0   .abs_section_2f1
     _VREGAPICL                                 2F2       1       1       0   .abs_section_2f2
     _VREGAPITR                                 2F3       1       1       0   .abs_section_2f3
     _VREGHTTR                                  2F7       1       1       0   .abs_section_2f7
     _PWME                                      300       1       1       5   .abs_section_300
     _PWMPOL                                    301       1       1       5   .abs_section_301
     _PWMCLK                                    302       1       1       5   .abs_section_302
     _PWMPRCLK                                  303       1       1      10   .abs_section_303
     _PWMCAE                                    304       1       1       5   .abs_section_304
     _PWMCTL                                    305       1       1       0   .abs_section_305
     _PWMSCLA                                   308       1       1       0   .abs_section_308
     _PWMSCLB                                   309       1       1       0   .abs_section_309
     _PWMSDN                                    324       1       1       0   .abs_section_324
     _PITCFLMT                                  340       1       1       6   .abs_section_340
     _PITFLT                                    341       1       1       4   .abs_section_341
     _PITCE                                     342       1       1       4   .abs_section_342
     _PITMUX                                    343       1       1       2   .abs_section_343
     _PITINTE                                   344       1       1       4   .abs_section_344
     _PITTF                                     345       1       1       2   .abs_section_345
     _PITMTLD0                                  346       1       1       1   .abs_section_346
     _PITMTLD1                                  347       1       1       1   .abs_section_347
     _PORTAB                                      0       2       2       5   .abs_section_0
     _DDRAB                                       2       2       2       1   .abs_section_2
     _PARTID                                     1A       2       2       0   .abs_section_1a
     _DBGTB                                      24       2       2       0   .abs_section_24
     _TCNT                                       44       2       2       0   .abs_section_44
     _TC0                                        50       2       2       0   .abs_section_50
     _TC1                                        52       2       2       0   .abs_section_52
     _TC2                                        54       2       2       0   .abs_section_54
     _TC3                                        56       2       2       0   .abs_section_56
     _TC4                                        58       2       2       0   .abs_section_58
     _TC5                                        5A       2       2       0   .abs_section_5a
     _TC6                                        5C       2       2       0   .abs_section_5c
     _TC7                                        5E       2       2       0   .abs_section_5e
     _PACNT                                      62       2       2       4   .abs_section_62
     _SCI0BD                                     C8       2       2       0   .abs_section_c8
     _SCI1BD                                     D0       2       2       0   .abs_section_d0
     _SPI0DR                                     DC       2       2       0   .abs_section_dc
     _FCCOB                                     10A       2       2       0   .abs_section_10a
     _FECCR                                     10E       2       2       0   .abs_section_10e
     _CAN0RXTSR                                 16E       2       2       0   .abs_section_16e
     _CAN0TXTSR                                 17E       2       2       0   .abs_section_17e
     _PT01AD0                                   270       2       2       0   .abs_section_270
     _DDR01AD0                                  272       2       2       0   .abs_section_272
     _RDR01AD0                                  274       2       2       0   .abs_section_274
     _PER01AD0                                  276       2       2       0   .abs_section_276
     _ATD0CTL01                                 2C0       2       2       1   .abs_section_2c0
     _ATD0CTL23                                 2C2       2       2       2   .abs_section_2c2
     _ATD0CTL45                                 2C4       2       2       4   .abs_section_2c4
     _ATD0CMPE                                  2C8       2       2       0   .abs_section_2c8
     _ATD0STAT2                                 2CA       2       2       0   .abs_section_2ca
     _ATD0DIEN                                  2CC       2       2       0   .abs_section_2cc
     _ATD0CMPHT                                 2CE       2       2       0   .abs_section_2ce
     _ATD0DR0                                   2D0       2       2       1   .abs_section_2d0
     _ATD0DR1                                   2D2       2       2       1   .abs_section_2d2
     _ATD0DR2                                   2D4       2       2       0   .abs_section_2d4
     _ATD0DR3                                   2D6       2       2       0   .abs_section_2d6
     _ATD0DR4                                   2D8       2       2       0   .abs_section_2d8
     _ATD0DR5                                   2DA       2       2       0   .abs_section_2da
     _ATD0DR6                                   2DC       2       2       0   .abs_section_2dc
     _ATD0DR7                                   2DE       2       2       0   .abs_section_2de
     _ATD0DR8                                   2E0       2       2       0   .abs_section_2e0
     _ATD0DR9                                   2E2       2       2       0   .abs_section_2e2
     _ATD0DR10                                  2E4       2       2       0   .abs_section_2e4
     _ATD0DR11                                  2E6       2       2       0   .abs_section_2e6
     _ATD0DR12                                  2E8       2       2       0   .abs_section_2e8
     _ATD0DR13                                  2EA       2       2       0   .abs_section_2ea
     _ATD0DR14                                  2EC       2       2       0   .abs_section_2ec
     _ATD0DR15                                  2EE       2       2       0   .abs_section_2ee
     _VREGAPIR                                  2F4       2       2       0   .abs_section_2f4
     _PWMCNT01                                  30C       2       2       0   .abs_section_30c
     _PWMCNT23                                  30E       2       2       0   .abs_section_30e
     _PWMCNT45                                  310       2       2       0   .abs_section_310
     _PWMCNT67                                  312       2       2       0   .abs_section_312
     _PWMPER01                                  314       2       2       1   .abs_section_314
     _PWMPER23                                  316       2       2       1   .abs_section_316
     _PWMPER45                                  318       2       2       2   .abs_section_318
     _PWMPER67                                  31A       2       2       1   .abs_section_31a
     _PWMDTY01                                  31C       2       2       5   .abs_section_31c
     _PWMDTY23                                  31E       2       2       5   .abs_section_31e
     _PWMDTY45                                  320       2       2      10   .abs_section_320
     _PWMDTY67                                  322       2       2       5   .abs_section_322
     _PITLD0                                    348       2       2       1   .abs_section_348
     _PITCNT0                                   34A       2       2       0   .abs_section_34a
     _PITLD1                                    34C       2       2       1   .abs_section_34c
     _PITCNT1                                   34E       2       2       0   .abs_section_34e
     _PITLD2                                    350       2       2       0   .abs_section_350
     _PITCNT2                                   352       2       2       0   .abs_section_352
     _PITLD3                                    354       2       2       0   .abs_section_354
     _PITCNT3                                   356       2       2       0   .abs_section_356
MODULE:                 -- main.c.o --
- PROCEDURES:
     LCD_Display                             FE8000     6C9    1737      27   .text       
     Read_Atd_Several                        FE86C9      1F      31       2   .text       
     Kalman_Filter                           FE86E8     2BC     700       8   .text       
     AD_calculate                            FE89A4      BC     188       4   .text       
     zhili_kongzhi                           FE8A60      3E      62       4   .text       
     GetLeftMotorPulse                       FE8A9E      31      49       4   .text       
     GetRightMotorPulse                      FE8ACF      31      49       4   .text       
     SpeedControl                            FE8B00      97     151       4   .text       
     SpeedControlOutput                      FE8B97      5C      92       4   .text       
     SampleInputVoltage                      FE8BF3      54      84       4   .text       
     GetInputVoltageAverage                  FE8C47      43      67       4   .text       
     DirectionControl                        FE8C8A      A5     165       4   .text       
     PWM_out                                 FE8D2F      3C      60       2   .text       
     MotorOutput                             FE8D6B      AA     170       4   .text       
     Init_ALL                                FE8E15      42      66       2   .text       
     main                                    FE8E57       E      14       2   .text       
     Pit0_interrupt                            C019     10F     271       3   NON_BANKED  
     Pit2_interrupt                            C128      98     152       1   NON_BANKED  
- VARIABLES:
     Vref                                      2100       4       4       3   .data       
     fangdabeishu                              2104       2       2       1   .data       
     C_0                                       2106       4       4       8   .data       
     Q_angle                                   210A       4       4       2   .data       
     Q_gyro                                    210E       4       4       2   .data       
     R_angle                                   2112       4       4       2   .data       
     dt                                        2116       4       4       7   .data       
     P                                         211A      10      16      30   .data       
     EventCount                                212A       1       1       6   .data       
     SpeedControlPeriod                        212B       1       1       7   .data       
     JIAODU_CENTER                             212C       2       2       9   .data       
     JIAO_SPEED_CENTER                         212E       2       2       9   .data       
     ZHILI_PID_P                               2130       2       2       8   .data       
     ZHILI_PID_D                               2132       2       2       8   .data       
     Sudu_PID_P                                2134       2       2       8   .data       
     Speed_want                                2136       4       4      20   .data       
     Speed                                     213A       C      12      34   .data       
     DIR_CONTROL_P                             2146       2       2       8   .data       
     DIR_CONTROL_D                             2148       2       2       8   .data       
     ad_value                                  22F2      18      24      44   .bss        
     gyro                                      230A       4       4       4   .bss        
     acceler                                   230E       4       4       6   .bss        
     angle                                     2312       4       4      14   .bss        
     angle_dot                                 2316       4       4       4   .bss        
     Pdot                                      231A      10      16      16   .bss        
     j                                         232A       1       1       6   .bss        
     InputVoltageCount                         232B       1       1       3   .bss        
     SpeedControlCount                         232C       1       1       6   .bss        
     Count                                     232D       1       1       6   .bss        
     Run_Flag                                  232E       1       1       2   .bss        
     Sudu_PID_D                                232F       2       2       1   .bss        
     Speed_P                                   2331       4       4       4   .bss        
     Speed_D                                   2335       4       4       3   .bss        
     Speed_error                               2339       4       4       6   .bss        
     Speed_error_old                           233D       4       4       4   .bss        
     SpeedLeft_now                             2341       4       4       8   .bss        
     SpeedRight_now                            2345       4       4       8   .bss        
     CarSpeed                                  2349       4       4       5   .bss        
     SpeedControlOutNew                        234D       4       4       6   .bss        
     SpeedControlOutOld                        2351       4       4       6   .bss        
     SpeedControlOut                           2355       2       2       2   .bss        
     LeftMotorPulseSigma                       2357       4       4       8   .bss        
     RightMotorPulseSigma                      235B       4       4       8   .bss        
     fValue                                    235F       4       4       4   .bss        
     InputVoltageSigma                         2363      18      24      20   .bss        
     LeftMotorOut                              237B       2       2       8   .bss        
     RightMotorOut                             237D       2       2       7   .bss        
     Last_fLeftRight                           237F       4       4       4   .bss        
     fLeftRight                                2383       4       4       6   .bss        
     DDValue                                   2387       4       4       4   .bss        
     fLeftRightAdd                             238B       4       4       4   .bss        
     fLeftRightSub                             238F       4       4       3   .bss        
     DirectionControlOut                       2393       2       2       2   .bss        
     DValue                                    2395       2       2       2   .bss        
     page                                      2397       1       1       4   .bss        
     Set_y                                     2398       1       1       8   .bss        
     _Vector_66                                FF7A       2       2       0   .abs_section_ff7a
     _Vector_67                                FF78       2       2       0   .abs_section_ff78
     q_bias                                    2399       4       4       6   .common     
     angle_err                                 239D       4       4       6   .common     
     PCt_0                                     23A1       4       4       8   .common     
     PCt_1                                     23A5       4       4       4   .common     
     E                                         23A9       4       4       4   .common     
     K_0                                       23AD       4       4       4   .common     
     K_1                                       23B1       4       4       8   .common     
     t_0                                       23B5       4       4       5   .common     
     t_1                                       23B9       4       4       6   .common     
     ZHILI                                     23BD       2       2       2   .common     
     jiansu_flag                               23BF       2       2       6   .common     
     key                                       23C1       1       1       6   .common     
MODULE:                 -- Start12.c.o --
- PROCEDURES:
     Init                                    FE8E65      29      41       2   .text       
     _Startup                                  C000       F      15       0   .init       
- VARIABLES:
     _startupData                              C00F       6       6       3   .startData  
- LABELS:
     __SEG_END_SSTACK                          2100       0       0       1               
MODULE:                 -- FADD.C.o (ansixb.lib) --
- PROCEDURES:
     F_ADDKL                                   C1C0      5E      94       1   NON_BANKED  
     _FADD                                     C21E      15      21      11   NON_BANKED  
     _FSUB                                     C233      13      19      12   NON_BANKED  
     _FNEG                                     C246       B      11       1   NON_BANKED  
- VARIABLES:
MODULE:                 -- FCMP.C.o (ansixb.lib) --
- PROCEDURES:
     _FCMP                                     C251      26      38       3   NON_BANKED  
- VARIABLES:
MODULE:                 -- FCONV.C.o (ansixb.lib) --
- PROCEDURES:
     F_TOLONGK                                 C277      32      50       1   NON_BANKED  
     F_FRLONGK                                 C2A9      1E      30       2   NON_BANKED  
     _FSFLOAT                                  C2C7      12      18       7   NON_BANKED  
     _FUFLOAT                                  C2D9      12      18       7   NON_BANKED  
     _FSTRUNC                                  C2EB      11      17       3   NON_BANKED  
- VARIABLES:
MODULE:                 -- FMUL.C.o (ansixb.lib) --
- PROCEDURES:
     F_DIVKL                                   C2FC      84     132       1   NON_BANKED  
     F_MULKL                                   C380      57      87       1   NON_BANKED  
     _FMUL                                     C3D7      14      20      24   NON_BANKED  
     _FDIV                                     C3EB      1E      30       6   NON_BANKED  
- VARIABLES:
MODULE:                 -- FREGS.C.o (ansixb.lib) --
- PROCEDURES:
     F_PULK                                    C409      15      21       4   NON_BANKED  
     F_PULL                                    C41E      15      21       3   NON_BANKED  
     F_PSHK                                    C433      13      19       5   NON_BANKED  
     F_XGKL                                    C446      21      33       2   NON_BANKED  
     F_CLRK                                    C467       B      11       2   NON_BANKED  
     F_MAXK                                    C472       9       9       2   NON_BANKED  
     F_NORMK                                   C47B      37      55       3   NON_BANKED  
- VARIABLES:
MODULE:                 -- rtshc12.c.o (ansixb.lib) --
- PROCEDURES:
     _LCMP                                     C4B2       A      10       1   NON_BANKED  
     _LNEG                                     C4BC       9       9       2   NON_BANKED  
     _LINC                                     C4C5       5       5       3   NON_BANKED  
     _LDEC                                     C4CA       8       8       3   NON_BANKED  
     _LMULU16x32                               C4D2       F      15       2   NON_BANKED  
     _lDivMod                                  C4E1      B9     185       2   NON_BANKED  
     _NEG_P                                    C59A       C      12       5   NON_BANKED  
     _LDIVS                                    C5A6      35      53       2   NON_BANKED  
     _CASE_DIRECT_BYTE                         C5DB       5       5       1   NON_BANKED  
     _CASE_SEARCH_8_BYTE                       C5E0      1A      26       1   NON_BANKED  
- VARIABLES:
MODULE:                 -- VREGS.C.o (ansixb.lib) --
- PROCEDURES:
     L_NEGK                                    C5FA       7       7       2   NON_BANKED  
     L_PSHK                                    C601       8       8       1   NON_BANKED  
     UL_PULK                                   C609       3       3       1   NON_BANKED  
     SL_PULK                                   C60C       A      10       1   NON_BANKED  
- VARIABLES:
MODULE:                 -- LCD5110.c.o --
- PROCEDURES:
     delay                                   FE8E8E       9       9       2   .text       
     LCD_write_byte                          FE8E97      44      68      16   .text       
     LCD_init                                FE8EDB      2B      43       2   .text       
     LCD_set_XY                              FE8F06      15      21       8   .text       
     LCD_clear                               FE8F1B      28      40       6   .text       
     LCD_write_shu                           FE8F43      79     121       8   .text       
     LCD_write_char                          FE8FBC      86     134     106   .text       
     Write_LCD_Int                           FE9042      6C     108      40   .text       
     Write_LCD_shu                           FE90AE      6C     108      10   .text       
- VARIABLES:
     shuzi1                                    214A     108     264       1   .data       
     shuzi                                     2252      A0     160       1   .data       
MODULE:                 -- ATD.c.o --
- PROCEDURES:
     ATD0_Init                               FE911A      19      25       2   .text       
- VARIABLES:
MODULE:                 -- PLL.c.o --
- PROCEDURES:
     Pll_Init                                FE9133      13      19       2   .text       
- VARIABLES:
MODULE:                 -- PIT.C.o --
- PROCEDURES:
     Pit_Init                                FE9146      50      80       2   .text       
     Pit2_Init                               FE9196      3A      58       2   .text       
- VARIABLES:
MODULE:                 -- ECT.c.o --
- PROCEDURES:
     Ect7_Init                               FE91D0      21      33       2   .text       
     Pulse_Add_Init                          FE91F1       8       8       2   .text       
- VARIABLES:
MODULE:                 -- KEY.c.o --
- PROCEDURES:
     delay_ms                                FE91F9      10      16       2   .text       
     key_port_init                           FE9209       4       4       2   .text       
     keyscan                                 FE920D      6F     111       2   .text       
- VARIABLES:
MODULE:                 -- PWM.c.o --
- PROCEDURES:
     Pwm1_Init                               FE927C      23      35       2   .text       
     Pwm3_Init                               FE929F      24      36       2   .text       
     Pwm4_Init                               FE92C3      24      36       2   .text       
     Pwm5_Init                               FE92E7      24      36       2   .text       
     Pwm7_Init                               FE930B      24      36       2   .text       
- VARIABLES:

*********************************************************************************************
MODULE STATISTIC
  Name                                      Data   Code  Const
---------------------------------------------------------------------------------------------
  MC9S12XS128.c.o                            360      0      0
  main.c.o                                   282   4108      4
  Start12.c.o                                  0     56      0
  FADD.C.o (ansixb.lib)                        0    145      0
  FCMP.C.o (ansixb.lib)                        0     38      0
  FCONV.C.o (ansixb.lib)                       0    133      0
  FMUL.C.o (ansixb.lib)                        0    269      0
  FREGS.C.o (ansixb.lib)                       0    169      0
  rtshc12.c.o (ansixb.lib)                     0    328      0
  VREGS.C.o (ansixb.lib)                       0     28      0
  LCD5110.c.o                                424    652      0
  ATD.c.o                                      0     25      0
  PLL.c.o                                      0     19      0
  PIT.C.o                                      0    138      0
  ECT.c.o                                      0     41      0
  KEY.c.o                                      0    131      0
  PWM.c.o                                      0    179      0
  other                                      256     12    497

*********************************************************************************************
SECTION USE IN OBJECT-ALLOCATION SECTION
---------------------------------------------------------------------------------------------
SECTION: ".text"
  LCD_Display Read_Atd_Several Kalman_Filter AD_calculate zhili_kongzhi 
  GetLeftMotorPulse GetRightMotorPulse SpeedControl SpeedControlOutput 
  SampleInputVoltage GetInputVoltageAverage DirectionControl PWM_out 
  MotorOutput Init_ALL main Init delay LCD_write_byte LCD_init LCD_set_XY 
  LCD_clear LCD_write_shu LCD_write_char Write_LCD_Int Write_LCD_shu ATD0_Init 
  Pll_Init Pit_Init Pit2_Init Ect7_Init Pulse_Add_Init delay_ms key_port_init 
  keyscan Pwm1_Init Pwm3_Init Pwm4_Init Pwm5_Init Pwm7_Init 
SECTION: ".data"
  Vref fangdabeishu C_0 Q_angle Q_gyro R_angle dt P EventCount 
  SpeedControlPeriod JIAODU_CENTER JIAO_SPEED_CENTER ZHILI_PID_P ZHILI_PID_D 
  Sudu_PID_P Speed_want Speed DIR_CONTROL_P DIR_CONTROL_D shuzi1 shuzi 
SECTION: ".bss"
  ad_value gyro acceler angle angle_dot Pdot j InputVoltageCount 
  SpeedControlCount Count Run_Flag Sudu_PID_D Speed_P Speed_D Speed_error 
  Speed_error_old SpeedLeft_now SpeedRight_now CarSpeed SpeedControlOutNew 
  SpeedControlOutOld SpeedControlOut LeftMotorPulseSigma RightMotorPulseSigma 
  fValue InputVoltageSigma LeftMotorOut RightMotorOut Last_fLeftRight 
  fLeftRight DDValue fLeftRightAdd fLeftRightSub DirectionControlOut DValue 
  page Set_y 
SECTION: ".init"
  _Startup 
SECTION: "NON_BANKED"
  Pit0_interrupt Pit2_interrupt F_ADDKL _FADD _FSUB _FNEG _FCMP F_TOLONGK 
  F_FRLONGK _FSFLOAT _FUFLOAT _FSTRUNC F_DIVKL F_MULKL _FMUL _FDIV F_PULK 
  F_PULL F_PSHK F_XGKL F_CLRK F_MAXK F_NORMK _LCMP _LNEG _LINC _LDEC 
  _LMULU16x32 _lDivMod _NEG_P _LDIVS _CASE_DIRECT_BYTE _CASE_SEARCH_8_BYTE 
  L_NEGK L_PSHK UL_PULK SL_PULK 
SECTION: ".abs_section_8"
  _PORTE 
SECTION: ".abs_section_9"
  _DDRE 
SECTION: ".abs_section_b"
  _MODE 
SECTION: ".abs_section_c"
  _PUCR 
SECTION: ".abs_section_d"
  _RDRIV 
SECTION: ".abs_section_10"
  _GPAGE 
SECTION: ".abs_section_11"
  _DIRECT 
SECTION: ".abs_section_13"
  _MMCCTL1 
SECTION: ".abs_section_15"
  _PPAGE 
SECTION: ".abs_section_16"
  _RPAGE 
SECTION: ".abs_section_17"
  _EPAGE 
SECTION: ".abs_section_1c"
  _ECLKCTL 
SECTION: ".abs_section_1e"
  _IRQCR 
SECTION: ".abs_section_20"
  _DBGC1 
SECTION: ".abs_section_21"
  _DBGSR 
SECTION: ".abs_section_22"
  _DBGTCR 
SECTION: ".abs_section_23"
  _DBGC2 
SECTION: ".abs_section_26"
  _DBGCNT 
SECTION: ".abs_section_27"
  _DBGSCRX 
SECTION: ".abs_section_28"
  _DBGXCTL 
SECTION: ".abs_section_29"
  _DBGXAH 
SECTION: ".abs_section_2a"
  _DBGXAM 
SECTION: ".abs_section_2b"
  _DBGXAL 
SECTION: ".abs_section_2c"
  _DBGXDH 
SECTION: ".abs_section_2d"
  _DBGXDL 
SECTION: ".abs_section_2e"
  _DBGXDHM 
SECTION: ".abs_section_2f"
  _DBGXDLM 
SECTION: ".abs_section_32"
  _PORTK 
SECTION: ".abs_section_33"
  _DDRK 
SECTION: ".abs_section_34"
  _SYNR 
SECTION: ".abs_section_35"
  _REFDV 
SECTION: ".abs_section_36"
  _POSTDIV 
SECTION: ".abs_section_37"
  _CRGFLG 
SECTION: ".abs_section_38"
  _CRGINT 
SECTION: ".abs_section_39"
  _CLKSEL 
SECTION: ".abs_section_3a"
  _PLLCTL 
SECTION: ".abs_section_3b"
  _RTICTL 
SECTION: ".abs_section_3c"
  _COPCTL 
SECTION: ".abs_section_3f"
  _ARMCOP 
SECTION: ".abs_section_40"
  _TIOS 
SECTION: ".abs_section_41"
  _CFORC 
SECTION: ".abs_section_42"
  _OC7M 
SECTION: ".abs_section_43"
  _OC7D 
SECTION: ".abs_section_46"
  _TSCR1 
SECTION: ".abs_section_47"
  _TTOV 
SECTION: ".abs_section_48"
  _TCTL1 
SECTION: ".abs_section_49"
  _TCTL2 
SECTION: ".abs_section_4a"
  _TCTL3 
SECTION: ".abs_section_4b"
  _TCTL4 
SECTION: ".abs_section_4c"
  _TIE 
SECTION: ".abs_section_4d"
  _TSCR2 
SECTION: ".abs_section_4e"
  _TFLG1 
SECTION: ".abs_section_4f"
  _TFLG2 
SECTION: ".abs_section_60"
  _PACTL 
SECTION: ".abs_section_61"
  _PAFLG 
SECTION: ".abs_section_6c"
  _OCPD 
SECTION: ".abs_section_6e"
  _PTPSR 
SECTION: ".abs_section_ca"
  _SCI0ACR2 
SECTION: ".abs_section_cb"
  _SCI0CR2 
SECTION: ".abs_section_cc"
  _SCI0SR1 
SECTION: ".abs_section_cd"
  _SCI0SR2 
SECTION: ".abs_section_ce"
  _SCI0DRH 
SECTION: ".abs_section_cf"
  _SCI0DRL 
SECTION: ".abs_section_d2"
  _SCI1ACR2 
SECTION: ".abs_section_d3"
  _SCI1CR2 
SECTION: ".abs_section_d4"
  _SCI1SR1 
SECTION: ".abs_section_d5"
  _SCI1SR2 
SECTION: ".abs_section_d6"
  _SCI1DRH 
SECTION: ".abs_section_d7"
  _SCI1DRL 
SECTION: ".abs_section_d8"
  _SPI0CR1 
SECTION: ".abs_section_d9"
  _SPI0CR2 
SECTION: ".abs_section_da"
  _SPI0BR 
SECTION: ".abs_section_db"
  _SPI0SR 
SECTION: ".abs_section_100"
  _FCLKDIV 
SECTION: ".abs_section_101"
  _FSEC 
SECTION: ".abs_section_102"
  _FCCOBIX 
SECTION: ".abs_section_103"
  _FECCRIX 
SECTION: ".abs_section_104"
  _FCNFG 
SECTION: ".abs_section_105"
  _FERCNFG 
SECTION: ".abs_section_106"
  _FSTAT 
SECTION: ".abs_section_107"
  _FERSTAT 
SECTION: ".abs_section_108"
  _FPROT 
SECTION: ".abs_section_109"
  _DFPROT 
SECTION: ".abs_section_110"
  _FOPT 
SECTION: ".abs_section_121"
  _IVBR 
SECTION: ".abs_section_126"
  _INT_XGPRIO 
SECTION: ".abs_section_127"
  _INT_CFADDR 
SECTION: ".abs_section_128"
  _INT_CFDATA0 
SECTION: ".abs_section_129"
  _INT_CFDATA1 
SECTION: ".abs_section_12a"
  _INT_CFDATA2 
SECTION: ".abs_section_12b"
  _INT_CFDATA3 
SECTION: ".abs_section_12c"
  _INT_CFDATA4 
SECTION: ".abs_section_12d"
  _INT_CFDATA5 
SECTION: ".abs_section_12e"
  _INT_CFDATA6 
SECTION: ".abs_section_12f"
  _INT_CFDATA7 
SECTION: ".abs_section_140"
  _CAN0CTL0 
SECTION: ".abs_section_141"
  _CAN0CTL1 
SECTION: ".abs_section_142"
  _CAN0BTR0 
SECTION: ".abs_section_143"
  _CAN0BTR1 
SECTION: ".abs_section_144"
  _CAN0RFLG 
SECTION: ".abs_section_145"
  _CAN0RIER 
SECTION: ".abs_section_146"
  _CAN0TFLG 
SECTION: ".abs_section_147"
  _CAN0TIER 
SECTION: ".abs_section_148"
  _CAN0TARQ 
SECTION: ".abs_section_149"
  _CAN0TAAK 
SECTION: ".abs_section_14a"
  _CAN0TBSEL 
SECTION: ".abs_section_14b"
  _CAN0IDAC 
SECTION: ".abs_section_14d"
  _CAN0MISC 
SECTION: ".abs_section_14e"
  _CAN0RXERR 
SECTION: ".abs_section_14f"
  _CAN0TXERR 
SECTION: ".abs_section_150"
  _CAN0IDAR0 
SECTION: ".abs_section_151"
  _CAN0IDAR1 
SECTION: ".abs_section_152"
  _CAN0IDAR2 
SECTION: ".abs_section_153"
  _CAN0IDAR3 
SECTION: ".abs_section_154"
  _CAN0IDMR0 
SECTION: ".abs_section_155"
  _CAN0IDMR1 
SECTION: ".abs_section_156"
  _CAN0IDMR2 
SECTION: ".abs_section_157"
  _CAN0IDMR3 
SECTION: ".abs_section_158"
  _CAN0IDAR4 
SECTION: ".abs_section_159"
  _CAN0IDAR5 
SECTION: ".abs_section_15a"
  _CAN0IDAR6 
SECTION: ".abs_section_15b"
  _CAN0IDAR7 
SECTION: ".abs_section_15c"
  _CAN0IDMR4 
SECTION: ".abs_section_15d"
  _CAN0IDMR5 
SECTION: ".abs_section_15e"
  _CAN0IDMR6 
SECTION: ".abs_section_15f"
  _CAN0IDMR7 
SECTION: ".abs_section_160"
  _CAN0RXIDR0 
SECTION: ".abs_section_161"
  _CAN0RXIDR1 
SECTION: ".abs_section_162"
  _CAN0RXIDR2 
SECTION: ".abs_section_163"
  _CAN0RXIDR3 
SECTION: ".abs_section_164"
  _CAN0RXDSR0 
SECTION: ".abs_section_165"
  _CAN0RXDSR1 
SECTION: ".abs_section_166"
  _CAN0RXDSR2 
SECTION: ".abs_section_167"
  _CAN0RXDSR3 
SECTION: ".abs_section_168"
  _CAN0RXDSR4 
SECTION: ".abs_section_169"
  _CAN0RXDSR5 
SECTION: ".abs_section_16a"
  _CAN0RXDSR6 
SECTION: ".abs_section_16b"
  _CAN0RXDSR7 
SECTION: ".abs_section_16c"
  _CAN0RXDLR 
SECTION: ".abs_section_170"
  _CAN0TXIDR0 
SECTION: ".abs_section_171"
  _CAN0TXIDR1 
SECTION: ".abs_section_172"
  _CAN0TXIDR2 
SECTION: ".abs_section_173"
  _CAN0TXIDR3 
SECTION: ".abs_section_174"
  _CAN0TXDSR0 
SECTION: ".abs_section_175"
  _CAN0TXDSR1 
SECTION: ".abs_section_176"
  _CAN0TXDSR2 
SECTION: ".abs_section_177"
  _CAN0TXDSR3 
SECTION: ".abs_section_178"
  _CAN0TXDSR4 
SECTION: ".abs_section_179"
  _CAN0TXDSR5 
SECTION: ".abs_section_17a"
  _CAN0TXDSR6 
SECTION: ".abs_section_17b"
  _CAN0TXDSR7 
SECTION: ".abs_section_17c"
  _CAN0TXDLR 
SECTION: ".abs_section_17d"
  _CAN0TXTBPR 
SECTION: ".abs_section_240"
  _PTT 
SECTION: ".abs_section_241"
  _PTIT 
SECTION: ".abs_section_242"
  _DDRT 
SECTION: ".abs_section_243"
  _RDRT 
SECTION: ".abs_section_244"
  _PERT 
SECTION: ".abs_section_245"
  _PPST 
SECTION: ".abs_section_247"
  _PTTRR 
SECTION: ".abs_section_248"
  _PTS 
SECTION: ".abs_section_249"
  _PTIS 
SECTION: ".abs_section_24a"
  _DDRS 
SECTION: ".abs_section_24b"
  _RDRS 
SECTION: ".abs_section_24c"
  _PERS 
SECTION: ".abs_section_24d"
  _PPSS 
SECTION: ".abs_section_24e"
  _WOMS 
SECTION: ".abs_section_250"
  _PTM 
SECTION: ".abs_section_251"
  _PTIM 
SECTION: ".abs_section_252"
  _DDRM 
SECTION: ".abs_section_253"
  _RDRM 
SECTION: ".abs_section_254"
  _PERM 
SECTION: ".abs_section_255"
  _PPSM 
SECTION: ".abs_section_256"
  _WOMM 
SECTION: ".abs_section_257"
  _MODRR 
SECTION: ".abs_section_258"
  _PTP 
SECTION: ".abs_section_259"
  _PTIP 
SECTION: ".abs_section_25a"
  _DDRP 
SECTION: ".abs_section_25b"
  _RDRP 
SECTION: ".abs_section_25c"
  _PERP 
SECTION: ".abs_section_25d"
  _PPSP 
SECTION: ".abs_section_25e"
  _PIEP 
SECTION: ".abs_section_25f"
  _PIFP 
[...]
Filling bytes inserted
 001C2100
------- ROM-ADDRESS: 0xC61A ---- RAM-ADDRESS: 0x2100 ---- SIZE       4 ---
Name of initialized Object : Vref
 4003126F
------- ROM-ADDRESS: 0xC61E ---- SIZE       1 ---
Filling bytes inserted
 00
------- ROM-ADDRESS: 0xC61F ---- RAM-ADDRESS: 0x2105 ---- SIZE       1 ---
Name of initialized Object : fangdabeishu:1
 05
------- ROM-ADDRESS: 0xC620 ---- RAM-ADDRESS: 0x2106 ---- SIZE       2 ---
Name of initialized Object : C_0
 3F80
------- ROM-ADDRESS: 0xC622 ---- SIZE       2 ---
Filling bytes inserted
 0000
------- ROM-ADDRESS: 0xC624 ---- RAM-ADDRESS: 0x210A ---- SIZE       4 ---
Name of initialized Object : Q_angle
 3A83126F
------- ROM-ADDRESS: 0xC628 ---- RAM-ADDRESS: 0x210E ---- SIZE       4 ---
Name of initialized Object : Q_gyro
 3B449BA6
------- ROM-ADDRESS: 0xC62C ---- RAM-ADDRESS: 0x2112 ---- SIZE       1 ---
Name of initialized Object : R_angle
 3F
------- ROM-ADDRESS: 0xC62D ---- SIZE       3 ---
Filling bytes inserted
 000000
------- ROM-ADDRESS: 0xC630 ---- RAM-ADDRESS: 0x2116 ---- SIZE       4 ---
Name of initialized Object : dt
 3BC49BA6
------- ROM-ADDRESS: 0xC634 ---- RAM-ADDRESS: 0x211A ---- SIZE       2 ---
Name of initialized Object : P
 3F80
------- ROM-ADDRESS: 0xC636 ---- SIZE       4 ---
Filling bytes inserted
 01CB2126
------- ROM-ADDRESS: 0xC63A ---- RAM-ADDRESS: 0x2126 ---- SIZE       2 ---
Name of initialized Object : P:12
 3F80
------- ROM-ADDRESS: 0xC63C ---- SIZE       2 ---
Filling bytes inserted
 0000
------- ROM-ADDRESS: 0xC63E ---- RAM-ADDRESS: 0x212A ---- SIZE       1 ---
Name of initialized Object : EventCount
 04
------- ROM-ADDRESS: 0xC63F ---- RAM-ADDRESS: 0x212B ---- SIZE       1 ---
Name of initialized Object : SpeedControlPeriod
 63
------- ROM-ADDRESS: 0xC640 ---- RAM-ADDRESS: 0x212C ---- SIZE       2 ---
Name of initialized Object : JIAODU_CENTER
 02F3
------- ROM-ADDRESS: 0xC642 ---- RAM-ADDRESS: 0x212E ---- SIZE       2 ---
Name of initialized Object : JIAO_SPEED_CENTER
 02BC
------- ROM-ADDRESS: 0xC644 ---- RAM-ADDRESS: 0x2130 ---- SIZE       2 ---
Name of initialized Object : ZHILI_PID_P
 0244
------- ROM-ADDRESS: 0xC646 ---- SIZE       1 ---
Filling bytes inserted
 00
------- ROM-ADDRESS: 0xC647 ---- RAM-ADDRESS: 0x2133 ---- SIZE       1 ---
Name of initialized Object : ZHILI_PID_D:1
 08
------- ROM-ADDRESS: 0xC648 ---- SIZE       1 ---
Filling bytes inserted
 00
------- ROM-ADDRESS: 0xC649 ---- RAM-ADDRESS: 0x2135 ---- SIZE       1 ---
Name of initialized Object : Sudu_PID_P:1
 50
------- ROM-ADDRESS: 0xC64A ---- SIZE       3 ---
Filling bytes inserted
 000000
------- ROM-ADDRESS: 0xC64D ---- RAM-ADDRESS: 0x2139 ---- SIZE       1 ---
Name of initialized Object : Speed_want:3
 37
------- ROM-ADDRESS: 0xC64E ---- SIZE       3 ---
Filling bytes inserted
 000000
------- ROM-ADDRESS: 0xC651 ---- RAM-ADDRESS: 0x213D ---- SIZE       9 ---
Name of initialized Object : Speed:3
 3700000046 00000050
------- ROM-ADDRESS: 0xC65A ---- SIZE       1 ---
Filling bytes inserted
 00
------- ROM-ADDRESS: 0xC65B ---- RAM-ADDRESS: 0x2147 ---- SIZE       1 ---
Name of initialized Object : DIR_CONTROL_P:1
 14
------- ROM-ADDRESS: 0xC65C ---- RAM-ADDRESS: 0x2148 ---- SIZE       2 ---
Name of initialized Object : DIR_CONTROL_D
 0190
------- ROM-ADDRESS: 0xC65E ---- SIZE       1 ---
Filling bytes inserted
 00
------- ROM-ADDRESS: 0xC65F ---- RAM-ADDRESS: 0x214B ---- SIZE     215 ---
Name of initialized Object : shuzi1:1
 3E5149453E 0000427F40 0000426151
 4946002141 454B310018 14127F1000
 2745454539 003C4A4949 3000017109
 0503003649 4949360006 4949291E00
 7C1211127C 007F494949 36003E4141
 4122007F41 41221C007F 4949494100
 7F09090901 003E414949 7A007F0808
 087F000041 7F41000020 40413F0100
 7F08142241 007F404040 40007F020C
 027F007F04 08107F003E 4141413E00
 7F09090906 003E415121 5E007F0919
 2946004649 4949310001 017F010100
 3F4040403F 001F204020 1F003F4038
 403F006314 0814630007 0870080700
 6151494543
------- ROM-ADDRESS: 0xC736 ---- SIZE       8 ---
Filling bytes inserted
 0000000000 000000
------- ROM-ADDRESS: 0xC73E ---- RAM-ADDRESS: 0x222A ---- SIZE      20 ---
Name of initialized Object : shuzi1:224
 3636000000 0808080808 0020100804
 0200006060
------- ROM-ADDRESS: 0xC752 ---- SIZE       5 ---
Filling bytes inserted
 0000000000
------- ROM-ADDRESS: 0xC757 ---- RAM-ADDRESS: 0x2243 ---- SIZE      15 ---
Name of initialized Object : shuzi1:249
 A060000004 0201020408 08082A1C08
------- ROM-ADDRESS: 0xC766 ---- SIZE       1 ---
Filling bytes inserted
 00
------- ROM-ADDRESS: 0xC767 ---- RAM-ADDRESS: 0x2253 ---- SIZE      19 ---
Name of initialized Object : shuzi:1
 E010080810 E000000F10 2020100F00
 001010F8
------- ROM-ADDRESS: 0xC77A ---- SIZE       5 ---
Filling bytes inserted
 0000000000
------- ROM-ADDRESS: 0xC77F ---- RAM-ADDRESS: 0x226B ---- SIZE      94 ---
Name of initialized Object : shuzi:25
 20203F2020 0000007008 0808887000
 0030282422 2130000030 0888884830
 0000182020 20110E0000 00C02010F8
 0000000704 24243F2400 00F8088888
 0808000019 212020110E 0000E01088
 8818000000 0F11202011 0E00003808
 08C83808
------- ROM-ADDRESS: 0xC7DD ---- SIZE       4 ---
Filling bytes inserted
 00000000
------- ROM-ADDRESS: 0xC7E1 ---- RAM-ADDRESS: 0x22CD ---- SIZE       1 ---
Name of initialized Object : shuzi:123
 3F
------- ROM-ADDRESS: 0xC7E2 ---- SIZE       5 ---
Filling bytes inserted
 0000000000
------- ROM-ADDRESS: 0xC7E7 ---- RAM-ADDRESS: 0x22D3 ---- SIZE      30 ---
Name of initialized Object : shuzi:129
 7088080888 7000001C22 2121221C00
 00E0100808 10E0000000 312222110F
------- ROM-ADDRESS: 0xC805 ---- SIZE       2 ---
Filling bytes inserted
 0000

*********************************************************************************************
OBJECT-DEPENDENCIES SECTION
---------------------------------------------------------------------------------------------
_Startup                  USES __SEG_END_SSTACK Init main 
Pit0_interrupt            USES ad_value Pit0_interrupt jiansu_flag 
                                JIAO_SPEED_CENTER JIAODU_CENTER EventCount SpeedControlPeriod 
                                SpeedControlOutput MotorOutput j SampleInputVoltage 
                                GetInputVoltageAverage AD_calculate zhili_kongzhi Count 
                                GetLeftMotorPulse _PWMDTY45 GetRightMotorPulse SpeedControlCount 
                                SpeedControl DirectionControl _PITTF _LCMP 
Pit2_interrupt            USES EventCount SpeedControlPeriod 
                                SpeedControlOutput MotorOutput j SampleInputVoltage 
                                GetInputVoltageAverage AD_calculate zhili_kongzhi Count 
                                GetLeftMotorPulse _PWMDTY45 GetRightMotorPulse SpeedControlCount 
                                SpeedControl DirectionControl _PITTF 
F_ADDKL                   USES F_XGKL F_NORMK 
_FADD                     USES F_PULK F_PULL F_ADDKL F_PSHK 
_FSUB                     USES _FADD 
_FSFLOAT                  USES SL_PULK F_FRLONGK F_PSHK 
_FUFLOAT                  USES UL_PULK F_FRLONGK F_PSHK 
_FSTRUNC                  USES F_PULK F_TOLONGK L_PSHK 
F_DIVKL                   USES F_MAXK F_NORMK 
F_MULKL                   USES F_CLRK F_NORMK 
_FMUL                     USES F_PULK F_PULL F_MULKL F_PSHK 
_FDIV                     USES F_PULL F_PULK F_DIVKL F_PSHK 
F_MAXK                    USES F_CLRK 
F_NORMK                   USES F_MAXK 
_LDIVS                    USES _NEG_P _lDivMod 
L_NEGK                    USES _NEG_P 
L_PSHK                    USES L_NEGK 
SL_PULK                   USES L_NEGK 
_Vector_67                USES Pit2_interrupt 
_Vector_66                USES Pit0_interrupt 
LCD_Display               USES keyscan key Set_y LCD_write_char ad_value 
                                JIAODU_CENTER JIAO_SPEED_CENTER LCD_clear page Run_Flag 
                                LCD_Display Write_LCD_Int ZHILI_PID_P ZHILI_PID_D 
                                Sudu_PID_P Speed_want DIR_CONTROL_P DIR_CONTROL_D _LINC 
                                _LDEC _PWMDTY67 _PWMDTY01 _PWMDTY45 _PWMDTY23 
                                SpeedLeft_now SpeedRight_now Speed Write_LCD_shu CarSpeed 
Read_Atd_Several          USES _ATD0CTL45 _ATD0STAT0 _ATD0DR0 ad_value 
                                _ATD0DR1 
Kalman_Filter             USES q_bias _FSUB dt _FMUL angle _FADD angle_err P 
                                Q_angle Pdot _FNEG Q_gyro Kalman_Filter C_0 PCt_0 
                                PCt_1 R_angle E _FDIV K_0 K_1 t_0 t_1 angle_dot 
AD_calculate              USES ad_value _FSFLOAT acceler gyro JIAODU_CENTER 
                                _FUFLOAT _FSUB Vref _FMUL _FDIV JIAO_SPEED_CENTER 
                                fangdabeishu Kalman_Filter 
zhili_kongzhi             USES ZHILI_PID_P _FUFLOAT angle _FMUL ZHILI_PID_D 
                                angle_dot _FADD _FSTRUNC ZHILI 
GetLeftMotorPulse         USES _PACNT SpeedLeft_now LeftMotorOut _LNEG 
                                LeftMotorPulseSigma 
GetRightMotorPulse        USES _PACNT SpeedRight_now RightMotorOut _LNEG 
                                RightMotorPulseSigma 
SpeedControl              USES RightMotorPulseSigma LeftMotorPulseSigma _LDIVS 
                                CarSpeed Speed_want Speed_error Sudu_PID_P _LMULU16x32 
                                Speed_P Speed_error_old Sudu_PID_D Speed_D 
                                SpeedControlOutNew SpeedControlOutOld 
SpeedControlOutput        USES SpeedControlOutNew SpeedControlOutOld _FSFLOAT 
                                fValue SpeedControlPeriod _FMUL _FDIV _FADD _FSTRUNC 
                                SpeedControlOut 
SampleInputVoltage        USES Read_Atd_Several InputVoltageSigma ad_value 
                                InputVoltageCount 
GetInputVoltageAverage    USES InputVoltageCount InputVoltageSigma _LDIVS 
                                ad_value 
DirectionControl          USES ad_value _FSFLOAT fLeftRightSub fLeftRightAdd 
                                _FDIV fLeftRight Last_fLeftRight _FSUB DDValue 
                                DIR_CONTROL_P _FUFLOAT _FMUL DIR_CONTROL_D _FADD _FSTRUNC 
                                DValue DirectionControlOut 
PWM_out                   USES LeftMotorOut _PWMDTY67 _PWMDTY45 RightMotorOut 
                                _PWMDTY01 _PWMDTY23 
MotorOutput               USES ZHILI SpeedControlOut DirectionControlOut 
                                LeftMotorOut RightMotorOut angle _FCMP Run_Flag 
                                fLeftRightAdd PWM_out 
Init_ALL                  USES Pll_Init Pwm1_Init Pwm3_Init Pwm4_Init 
                                Pwm5_Init Pwm7_Init ATD0_Init Pit_Init Pit2_Init 
                                Ect7_Init Pulse_Add_Init key_port_init _DDRT LCD_init 
                                LCD_clear _PTT 
main                      USES Init_ALL LCD_Display 
Init                      USES _startupData 
LCD_write_byte            USES _PTT 
LCD_init                  USES _PTT delay LCD_write_byte 
LCD_set_XY                USES LCD_write_byte 
LCD_clear                 USES LCD_set_XY LCD_write_byte 
LCD_write_shu             USES shuzi LCD_write_byte LCD_set_XY 
LCD_write_char            USES LCD_set_XY shuzi1 LCD_write_byte 
Write_LCD_Int             USES LCD_write_char 
Write_LCD_shu             USES LCD_write_shu 
ATD0_Init                 USES _ATD0CTL01 _ATD0CTL23 _ATD0CTL45 
Pll_Init                  USES _REFDV _SYNR _CRGFLG _CLKSEL 
Pit_Init                  USES _PITCFLMT _PITFLT _PITMUX _PITINTE _PITCE 
                                _PITMTLD0 _PITLD0 _RDRT _DDRT _PTT _PERT _PPST 
Pit2_Init                 USES _PITCFLMT _PITFLT _PITMUX _PITINTE _PITCE 
                                _PITLD1 _PITMTLD1 
Ect7_Init                 USES _TIOS _TCTL3 _TIE _TSCR2 _TSCR1 _PACTL 
Pulse_Add_Init            USES _PACTL 
key_port_init             USES _PUCR 
keyscan                   USES _DDRAB _PORTAB delay_ms _CASE_DIRECT_BYTE 
                                _CASE_SEARCH_8_BYTE 
Pwm1_Init                 USES _PWMCLK _PWMPRCLK _PWMPOL _PWMCAE _PWMPER01 
                                _PWMDTY01 _PWME 
Pwm3_Init                 USES _PWMCLK _PWMPRCLK _PWMPOL _PWMCAE _PWMPER23 
                                _PWMDTY23 _PWME 
Pwm4_Init                 USES _PWMCLK _PWMPRCLK _PWMPOL _PWMCAE _PWMPER45 
                                _PWMDTY45 _PWME 
Pwm5_Init                 USES _PWMCLK _PWMPRCLK _PWMPOL _PWMCAE _PWMPER45 
                                _PWMDTY45 _PWME 
Pwm7_Init                 USES _PWMCLK _PWMPRCLK _PWMPOL _PWMCAE _PWMPER67 
                                _PWMDTY67 _PWME 

*********************************************************************************************
DEPENDENCY TREE
*********************************************************************************************
 main and _Startup Group
 | 
 +- main                
 |  | 
 |  +- Init_ALL            
 |  |  | 
 |  |  +- Pll_Init            
 |  |  |    
 |  |  +- Pwm1_Init           
 |  |  |    
 |  |  +- Pwm3_Init           
 |  |  |    
 |  |  +- Pwm4_Init           
 |  |  |    
 |  |  +- Pwm5_Init           
 |  |  |    
 |  |  +- Pwm7_Init           
 |  |  |    
 |  |  +- ATD0_Init           
 |  |  |    
 |  |  +- Pit_Init            
 |  |  |    
 |  |  +- Pit2_Init           
 |  |  |    
 |  |  +- Ect7_Init           
 |  |  |    
 |  |  +- Pulse_Add_Init      
 |  |  |    
 |  |  +- key_port_init       
 |  |  |    
 |  |  +- LCD_init            
 |  |  |  | 
 |  |  |  +- delay               
 |  |  |  |    
 |  |  |  +- LCD_write_byte      
 |  |  |       
 |  |  +- LCD_clear           
 |  |     | 
 |  |     +- LCD_set_XY          
 |  |     |  | 
 |  |     |  +- LCD_write_byte       (see above)
 |  |     |     
 |  |     +- LCD_write_byte       (see above)
 |  |        
 |  +- LCD_Display         
 |     | 
 |     +- keyscan             
 |     |  | 
 |     |  +- delay_ms            
 |     |  |    
 |     |  +- _CASE_DIRECT_BYTE   
 |     |  |    
 |     |  +- _CASE_SEARCH_8_BYTE 
 |     |       
 |     +- LCD_write_char      
 |     |  | 
 |     |  +- LCD_set_XY           (see above)
 |     |  |  
 |     |  +- LCD_write_byte       (see above)
 |     |     
 |     +- LCD_clear            (see above)
 |     |  
 |     +- Write_LCD_Int       
 |     |  | 
 |     |  +- LCD_write_char       (see above)
 |     |     
 |     +- _LINC               
 |     |    
 |     +- _LDEC               
 |     |    
 |     +- Write_LCD_shu       
 |        | 
 |        +- LCD_write_shu       
 |           | 
 |           +- LCD_write_byte       (see above)
 |           |  
 |           +- LCD_set_XY           (see above)
 |              
 +- _Startup            
    | 
    +- Init                
    |    
    +- main                 (see above)
       
 _Vector_66          
 | 
 +- Pit0_interrupt      
    | 
    +- SpeedControlOutput  
    |  | 
    |  +- _FSFLOAT            
    |  |  | 
    |  |  +- SL_PULK             
    |  |  |  | 
    |  |  |  +- L_NEGK              
    |  |  |     | 
    |  |  |     +- _NEG_P              
    |  |  |          
    |  |  +- F_FRLONGK           
    |  |  |    
    |  |  +- F_PSHK              
    |  |       
    |  +- _FMUL               
    |  |  | 
    |  |  +- F_PULK              
    |  |  |    
    |  |  +- F_PULL              
    |  |  |    
    |  |  +- F_MULKL             
    |  |  |  | 
    |  |  |  +- F_CLRK              
    |  |  |  |    
    |  |  |  +- F_NORMK             
    |  |  |     | 
    |  |  |     +- F_MAXK              
    |  |  |        | 
    |  |  |        +- F_CLRK               (see above)
    |  |  |           
    |  |  +- F_PSHK               (see above)
    |  |     
    |  +- _FDIV               
    |  |  | 
    |  |  +- F_PULL               (see above)
    |  |  |  
    |  |  +- F_PULK               (see above)
    |  |  |  
    |  |  +- F_DIVKL             
    |  |  |  | 
    |  |  |  +- F_MAXK               (see above)
    |  |  |  |  
    |  |  |  +- F_NORMK              (see above)
    |  |  |     
    |  |  +- F_PSHK               (see above)
    |  |     
    |  +- _FADD               
    |  |  | 
    |  |  +- F_PULK               (see above)
    |  |  |  
    |  |  +- F_PULL               (see above)
    |  |  |  
    |  |  +- F_ADDKL             
    |  |  |  | 
    |  |  |  +- F_XGKL              
    |  |  |  |    
    |  |  |  +- F_NORMK              (see above)
    |  |  |     
    |  |  +- F_PSHK               (see above)
    |  |     
    |  +- _FSTRUNC            
    |     | 
    |     +- F_PULK               (see above)
    |     |  
    |     +- F_TOLONGK           
    |     |    
    |     +- L_PSHK              
    |        | 
    |        +- L_NEGK               (see above)
    |           
    +- MotorOutput         
    |  | 
    |  +- _FCMP               
    |  |    
    |  +- PWM_out             
    |       
    +- SampleInputVoltage  
    |  | 
    |  +- Read_Atd_Several    
    |       
    +- GetInputVoltageAverage
    |  | 
    |  +- _LDIVS              
    |     | 
    |     +- _NEG_P               (see above)
    |     |  
    |     +- _lDivMod            
    |          
    +- AD_calculate        
    |  | 
    |  +- _FSFLOAT             (see above)
    |  |  
    |  +- _FUFLOAT            
    |  |  | 
    |  |  +- UL_PULK             
    |  |  |    
    |  |  +- F_FRLONGK            (see above)
    |  |  |  
    |  |  +- F_PSHK               (see above)
    |  |     
    |  +- _FSUB               
    |  |  | 
    |  |  +- _FADD                (see above)
    |  |     
    |  +- _FMUL                (see above)
    |  |  
    |  +- _FDIV                (see above)
    |  |  
    |  +- Kalman_Filter       
    |     | 
    |     +- _FSUB                (see above)
    |     |  
    |     +- _FMUL                (see above)
    |     |  
    |     +- _FADD                (see above)
    |     |  
    |     +- _FNEG               
    |     |    
    |     +- _FDIV                (see above)
    |        
    +- zhili_kongzhi       
    |  | 
    |  +- _FUFLOAT             (see above)
    |  |  
    |  +- _FMUL                (see above)
    |  |  
    |  +- _FADD                (see above)
    |  |  
    |  +- _FSTRUNC             (see above)
    |     
    +- GetLeftMotorPulse   
    |  | 
    |  +- _LNEG               
    |       
    +- GetRightMotorPulse  
    |  | 
    |  +- _LNEG                (see above)
    |     
    +- SpeedControl        
    |  | 
    |  +- _LDIVS               (see above)
    |  |  
    |  +- _LMULU16x32         
    |       
    +- DirectionControl    
    |  | 
    |  +- _FSFLOAT             (see above)
    |  |  
    |  +- _FDIV                (see above)
    |  |  
    |  +- _FSUB                (see above)
    |  |  
    |  +- _FUFLOAT             (see above)
    |  |  
    |  +- _FMUL                (see above)
    |  |  
    |  +- _FADD                (see above)
    |  |  
    |  +- _FSTRUNC             (see above)
    |     
    +- _LCMP               
         
 _Vector_67          
 | 
 +- Pit2_interrupt      
    | 
    +- SpeedControlOutput   (see above)
    |  
    +- MotorOutput          (see above)
    |  
    +- SampleInputVoltage   (see above)
    |  
    +- GetInputVoltageAverage (see above)
    |  
    +- AD_calculate         (see above)
    |  
    +- zhili_kongzhi        (see above)
    |  
    +- GetLeftMotorPulse    (see above)
    |  
    +- GetRightMotorPulse   (see above)
    |  
    +- SpeedControl         (see above)
    |  
    +- DirectionControl     (see above)
       
*********************************************************************************************
STATISTIC SECTION
---------------------------------------------------------------------------------------------

ExeFile:
--------
Number of blocks to be downloaded: 8
Total size of all blocks to be downloaded: 6972

